SyntaxError: Unexpected identifier 'gunicorn'
    at compileSourceTextModule (node:internal/modules/esm/utils:318:16)
    at ModuleLoader.moduleStrategy (node:internal/modules/esm/translators:90:18)
    at #translate (node:internal/modules/esm/loader:451:20)
    at afterLoad (node:internal/modules/esm/loader:507:29)
    at ModuleLoader.loadAndTranslate (node:internal/modules/esm/loader:512:12)
    at #getOrCreateModuleJobAfterResolve (node:internal/modules/esm/loader:555:36)
    at afterResolve (node:internal/modules/esm/loader:603:52)
    at ModuleLoader.getOrCreateModuleJob (node:internal/modules/esm/loader:609:12)
    at node:internal/modules/esm/loader:628:32
    at TracingChannel.tracePromise (node:diagnostics_channel:362:14)
SyntaxError: Unexpected identifier 'gunicorn'
    at compileSourceTextModule (node:internal/modules/esm/utils:318:16)
    at ModuleLoader.moduleStrategy (node:internal/modules/esm/translators:90:18)
    at #translate (node:internal/modules/esm/loader:451:20)
    at afterLoad (node:internal/modules/esm/loader:507:29)
    at ModuleLoader.loadAndTranslate (node:internal/modules/esm/loader:512:12)
    at #getOrCreateModuleJobAfterResolve (node:internal/modules/esm/loader:555:36)
    at afterResolve (node:internal/modules/esm/loader:603:52)
    at ModuleLoader.getOrCreateModuleJob (node:internal/modules/esm/loader:609:12)
    at node:internal/modules/esm/loader:628:32
    at TracingChannel.tracePromise (node:diagnostics_channel:362:14)
SyntaxError: Unexpected identifier 'gunicorn'
    at compileSourceTextModule (node:internal/modules/esm/utils:318:16)
    at ModuleLoader.moduleStrategy (node:internal/modules/esm/translators:90:18)
    at #translate (node:internal/modules/esm/loader:451:20)
    at afterLoad (node:internal/modules/esm/loader:507:29)
    at ModuleLoader.loadAndTranslate (node:internal/modules/esm/loader:512:12)
    at #getOrCreateModuleJobAfterResolve (node:internal/modules/esm/loader:555:36)
    at afterResolve (node:internal/modules/esm/loader:603:52)
    at ModuleLoader.getOrCreateModuleJob (node:internal/modules/esm/loader:609:12)
    at node:internal/modules/esm/loader:628:32
    at TracingChannel.tracePromise (node:diagnostics_channel:362:14)
SyntaxError: Unexpected identifier 'gunicorn'
    at compileSourceTextModule (node:internal/modules/esm/utils:318:16)
    at ModuleLoader.moduleStrategy (node:internal/modules/esm/translators:90:18)
    at #translate (node:internal/modules/esm/loader:451:20)
    at afterLoad (node:internal/modules/esm/loader:507:29)
    at ModuleLoader.loadAndTranslate (node:internal/modules/esm/loader:512:12)
    at #getOrCreateModuleJobAfterResolve (node:internal/modules/esm/loader:555:36)
    at afterResolve (node:internal/modules/esm/loader:603:52)
    at ModuleLoader.getOrCreateModuleJob (node:internal/modules/esm/loader:609:12)
    at node:internal/modules/esm/loader:628:32
    at TracingChannel.tracePromise (node:diagnostics_channel:362:14)
SyntaxError: Unexpected identifier 'gunicorn'
    at compileSourceTextModule (node:internal/modules/esm/utils:318:16)
    at ModuleLoader.moduleStrategy (node:internal/modules/esm/translators:90:18)
    at #translate (node:internal/modules/esm/loader:451:20)
    at afterLoad (node:internal/modules/esm/loader:507:29)
    at ModuleLoader.loadAndTranslate (node:internal/modules/esm/loader:512:12)
    at #getOrCreateModuleJobAfterResolve (node:internal/modules/esm/loader:555:36)
    at afterResolve (node:internal/modules/esm/loader:603:52)
    at ModuleLoader.getOrCreateModuleJob (node:internal/modules/esm/loader:609:12)
    at node:internal/modules/esm/loader:628:32
    at TracingChannel.tracePromise (node:diagnostics_channel:362:14)
SyntaxError: Unexpected identifier 'gunicorn'
    at compileSourceTextModule (node:internal/modules/esm/utils:318:16)
    at ModuleLoader.moduleStrategy (node:internal/modules/esm/translators:90:18)
    at #translate (node:internal/modules/esm/loader:451:20)
    at afterLoad (node:internal/modules/esm/loader:507:29)
    at ModuleLoader.loadAndTranslate (node:internal/modules/esm/loader:512:12)
    at #getOrCreateModuleJobAfterResolve (node:internal/modules/esm/loader:555:36)
    at afterResolve (node:internal/modules/esm/loader:603:52)
    at ModuleLoader.getOrCreateModuleJob (node:internal/modules/esm/loader:609:12)
    at node:internal/modules/esm/loader:628:32
    at TracingChannel.tracePromise (node:diagnostics_channel:362:14)
SyntaxError: Unexpected identifier 'gunicorn'
    at compileSourceTextModule (node:internal/modules/esm/utils:318:16)
    at ModuleLoader.moduleStrategy (node:internal/modules/esm/translators:90:18)
    at #translate (node:internal/modules/esm/loader:451:20)
    at afterLoad (node:internal/modules/esm/loader:507:29)
    at ModuleLoader.loadAndTranslate (node:internal/modules/esm/loader:512:12)
    at #getOrCreateModuleJobAfterResolve (node:internal/modules/esm/loader:555:36)
    at afterResolve (node:internal/modules/esm/loader:603:52)
    at ModuleLoader.getOrCreateModuleJob (node:internal/modules/esm/loader:609:12)
    at node:internal/modules/esm/loader:628:32
    at TracingChannel.tracePromise (node:diagnostics_channel:362:14)
SyntaxError: Unexpected identifier 'gunicorn'
    at compileSourceTextModule (node:internal/modules/esm/utils:318:16)
    at ModuleLoader.moduleStrategy (node:internal/modules/esm/translators:90:18)
    at #translate (node:internal/modules/esm/loader:451:20)
    at afterLoad (node:internal/modules/esm/loader:507:29)
    at ModuleLoader.loadAndTranslate (node:internal/modules/esm/loader:512:12)
    at #getOrCreateModuleJobAfterResolve (node:internal/modules/esm/loader:555:36)
    at afterResolve (node:internal/modules/esm/loader:603:52)
    at ModuleLoader.getOrCreateModuleJob (node:internal/modules/esm/loader:609:12)
    at node:internal/modules/esm/loader:628:32
    at TracingChannel.tracePromise (node:diagnostics_channel:362:14)
SyntaxError: Unexpected identifier 'gunicorn'
    at compileSourceTextModule (node:internal/modules/esm/utils:318:16)
    at ModuleLoader.moduleStrategy (node:internal/modules/esm/translators:90:18)
    at #translate (node:internal/modules/esm/loader:451:20)
    at afterLoad (node:internal/modules/esm/loader:507:29)
    at ModuleLoader.loadAndTranslate (node:internal/modules/esm/loader:512:12)
    at #getOrCreateModuleJobAfterResolve (node:internal/modules/esm/loader:555:36)
    at afterResolve (node:internal/modules/esm/loader:603:52)
    at ModuleLoader.getOrCreateModuleJob (node:internal/modules/esm/loader:609:12)
    at node:internal/modules/esm/loader:628:32
    at TracingChannel.tracePromise (node:diagnostics_channel:362:14)
SyntaxError: Unexpected identifier 'gunicorn'
    at compileSourceTextModule (node:internal/modules/esm/utils:318:16)
    at ModuleLoader.moduleStrategy (node:internal/modules/esm/translators:90:18)
    at #translate (node:internal/modules/esm/loader:451:20)
    at afterLoad (node:internal/modules/esm/loader:507:29)
    at ModuleLoader.loadAndTranslate (node:internal/modules/esm/loader:512:12)
    at #getOrCreateModuleJobAfterResolve (node:internal/modules/esm/loader:555:36)
    at afterResolve (node:internal/modules/esm/loader:603:52)
    at ModuleLoader.getOrCreateModuleJob (node:internal/modules/esm/loader:609:12)
    at node:internal/modules/esm/loader:628:32
    at TracingChannel.tracePromise (node:diagnostics_channel:362:14)
SyntaxError: Unexpected identifier 'gunicorn'
    at compileSourceTextModule (node:internal/modules/esm/utils:318:16)
    at ModuleLoader.moduleStrategy (node:internal/modules/esm/translators:90:18)
    at #translate (node:internal/modules/esm/loader:451:20)
    at afterLoad (node:internal/modules/esm/loader:507:29)
    at ModuleLoader.loadAndTranslate (node:internal/modules/esm/loader:512:12)
    at #getOrCreateModuleJobAfterResolve (node:internal/modules/esm/loader:555:36)
    at afterResolve (node:internal/modules/esm/loader:603:52)
    at ModuleLoader.getOrCreateModuleJob (node:internal/modules/esm/loader:609:12)
    at node:internal/modules/esm/loader:628:32
    at TracingChannel.tracePromise (node:diagnostics_channel:362:14)
SyntaxError: Unexpected identifier 'gunicorn'
    at compileSourceTextModule (node:internal/modules/esm/utils:318:16)
    at ModuleLoader.moduleStrategy (node:internal/modules/esm/translators:90:18)
    at #translate (node:internal/modules/esm/loader:451:20)
    at afterLoad (node:internal/modules/esm/loader:507:29)
    at ModuleLoader.loadAndTranslate (node:internal/modules/esm/loader:512:12)
    at #getOrCreateModuleJobAfterResolve (node:internal/modules/esm/loader:555:36)
    at afterResolve (node:internal/modules/esm/loader:603:52)
    at ModuleLoader.getOrCreateModuleJob (node:internal/modules/esm/loader:609:12)
    at node:internal/modules/esm/loader:628:32
    at TracingChannel.tracePromise (node:diagnostics_channel:362:14)
SyntaxError: Unexpected identifier 'gunicorn'
    at compileSourceTextModule (node:internal/modules/esm/utils:318:16)
    at ModuleLoader.moduleStrategy (node:internal/modules/esm/translators:90:18)
    at #translate (node:internal/modules/esm/loader:451:20)
    at afterLoad (node:internal/modules/esm/loader:507:29)
    at ModuleLoader.loadAndTranslate (node:internal/modules/esm/loader:512:12)
    at #getOrCreateModuleJobAfterResolve (node:internal/modules/esm/loader:555:36)
    at afterResolve (node:internal/modules/esm/loader:603:52)
    at ModuleLoader.getOrCreateModuleJob (node:internal/modules/esm/loader:609:12)
    at node:internal/modules/esm/loader:628:32
    at TracingChannel.tracePromise (node:diagnostics_channel:362:14)
SyntaxError: Unexpected identifier 'gunicorn'
    at compileSourceTextModule (node:internal/modules/esm/utils:318:16)
    at ModuleLoader.moduleStrategy (node:internal/modules/esm/translators:90:18)
    at #translate (node:internal/modules/esm/loader:451:20)
    at afterLoad (node:internal/modules/esm/loader:507:29)
    at ModuleLoader.loadAndTranslate (node:internal/modules/esm/loader:512:12)
    at #getOrCreateModuleJobAfterResolve (node:internal/modules/esm/loader:555:36)
    at afterResolve (node:internal/modules/esm/loader:603:52)
    at ModuleLoader.getOrCreateModuleJob (node:internal/modules/esm/loader:609:12)
    at node:internal/modules/esm/loader:628:32
    at TracingChannel.tracePromise (node:diagnostics_channel:362:14)
SyntaxError: Unexpected identifier 'gunicorn'
    at compileSourceTextModule (node:internal/modules/esm/utils:318:16)
    at ModuleLoader.moduleStrategy (node:internal/modules/esm/translators:90:18)
    at #translate (node:internal/modules/esm/loader:451:20)
    at afterLoad (node:internal/modules/esm/loader:507:29)
    at ModuleLoader.loadAndTranslate (node:internal/modules/esm/loader:512:12)
    at #getOrCreateModuleJobAfterResolve (node:internal/modules/esm/loader:555:36)
    at afterResolve (node:internal/modules/esm/loader:603:52)
    at ModuleLoader.getOrCreateModuleJob (node:internal/modules/esm/loader:609:12)
    at node:internal/modules/esm/loader:628:32
    at TracingChannel.tracePromise (node:diagnostics_channel:362:14)
SyntaxError: Unexpected identifier 'gunicorn'
    at compileSourceTextModule (node:internal/modules/esm/utils:318:16)
    at ModuleLoader.moduleStrategy (node:internal/modules/esm/translators:90:18)
    at #translate (node:internal/modules/esm/loader:451:20)
    at afterLoad (node:internal/modules/esm/loader:507:29)
    at ModuleLoader.loadAndTranslate (node:internal/modules/esm/loader:512:12)
    at #getOrCreateModuleJobAfterResolve (node:internal/modules/esm/loader:555:36)
    at afterResolve (node:internal/modules/esm/loader:603:52)
    at ModuleLoader.getOrCreateModuleJob (node:internal/modules/esm/loader:609:12)
    at node:internal/modules/esm/loader:628:32
    at TracingChannel.tracePromise (node:diagnostics_channel:362:14)
[2026-05-27 13:11:20 -0400] [32749] [INFO] Starting gunicorn 21.2.0
[2026-05-27 13:11:20 -0400] [32749] [INFO] Listening at: http://0.0.0.0:8000 (32749)
[2026-05-27 13:11:20 -0400] [32749] [INFO] Using worker: sync
[2026-05-27 13:11:20 -0400] [32760] [INFO] Booting worker with pid: 32760
[2026-05-27 13:11:20 -0400] [32761] [INFO] Booting worker with pid: 32761
[2026-05-27 13:11:20 -0400] [32762] [INFO] Booting worker with pid: 32762
/Users/aarons/Documents/Projects/Gestor-Iglesia/backend/.venv/lib/python3.14/site-packages/django/db/backends/utils.py:98: RuntimeWarning: Accessing the database during app initialization is discouraged. To fix this warning, avoid executing queries in AppConfig.ready() or when your app modules are imported.
  warnings.warn(self.APPS_NOT_READY_WARNING_MSG, category=RuntimeWarning)
/Users/aarons/Documents/Projects/Gestor-Iglesia/backend/.venv/lib/python3.14/site-packages/django/db/backends/utils.py:98: RuntimeWarning: Accessing the database during app initialization is discouraged. To fix this warning, avoid executing queries in AppConfig.ready() or when your app modules are imported.
  warnings.warn(self.APPS_NOT_READY_WARNING_MSG, category=RuntimeWarning)
/Users/aarons/Documents/Projects/Gestor-Iglesia/backend/.venv/lib/python3.14/site-packages/django/db/backends/utils.py:98: RuntimeWarning: Accessing the database during app initialization is discouraged. To fix this warning, avoid executing queries in AppConfig.ready() or when your app modules are imported.
  warnings.warn(self.APPS_NOT_READY_WARNING_MSG, category=RuntimeWarning)
Unauthorized: /api/v1/auth/me/
Unauthorized: /api/v1/auth/me/
/Users/aarons/Documents/Projects/Gestor-Iglesia/backend/.venv/lib/python3.14/site-packages/rest_framework/pagination.py:198: UnorderedObjectListWarning: Pagination may yield inconsistent results with an unordered object_list: <class 'apps.ministerios.models.Ministerio'> QuerySet.
  paginator = self.django_paginator_class(queryset, page_size)
/Users/aarons/Documents/Projects/Gestor-Iglesia/backend/.venv/lib/python3.14/site-packages/django/db/models/fields/__init__.py:1671: RuntimeWarning: DateTimeField Evento.fecha_inicio received a naive datetime (2026-05-01 00:00:00) while time zone support is active.
  warnings.warn(
/Users/aarons/Documents/Projects/Gestor-Iglesia/backend/.venv/lib/python3.14/site-packages/django/db/models/fields/__init__.py:1671: RuntimeWarning: DateTimeField Evento.fecha_inicio received a naive datetime (2026-05-31 00:00:00) while time zone support is active.
  warnings.warn(
/Users/aarons/Documents/Projects/Gestor-Iglesia/backend/.venv/lib/python3.14/site-packages/rest_framework/pagination.py:198: UnorderedObjectListWarning: Pagination may yield inconsistent results with an unordered object_list: <class 'apps.ministerios.models.Ministerio'> QuerySet.
  paginator = self.django_paginator_class(queryset, page_size)
/Users/aarons/Documents/Projects/Gestor-Iglesia/backend/.venv/lib/python3.14/site-packages/django/db/models/fields/__init__.py:1612: RuntimeWarning: DateTimeField Evento.fecha_fin received a naive datetime (2026-05-01 00:00:00) while time zone support is active.
  warnings.warn(
/Users/aarons/Documents/Projects/Gestor-Iglesia/backend/.venv/lib/python3.14/site-packages/django/db/models/fields/__init__.py:1612: RuntimeWarning: DateTimeField Evento.fecha_inicio received a naive datetime (2026-05-31 00:00:00) while time zone support is active.
  warnings.warn(
